
jarvis@JARVIS MINGW64 /d/IACSD/SDM
$ git config --global user.name "farazpatwegar"

jarvis@JARVIS MINGW64 /d/IACSD/SDM
$ git config --global user.email "farazpatwegar@gmail.com"

jarvis@JARVIS MINGW64 /d/IACSD/SDM
$ ls
 api/  'sdm by sir'/   tflstore/

jarvis@JARVIS MINGW64 /d/IACSD/SDM
$ git clone ^[[200~https://github.com/farazpatwegar/online-shopping-app.git~
Cloning into 'online-shopping-app.git~'...
fatal: protocol '?[200~https' is not supported

jarvis@JARVIS MINGW64 /d/IACSD/SDM
$ git clone https://github.com/farazpatwegar/online-shopping-app.git
Cloning into 'online-shopping-app'...
remote: Enumerating objects: 3, done.
remote: Counting objects: 100% (3/3), done.
remote: Compressing objects: 100% (2/2), done.
remote: Total 3 (delta 0), reused 0 (delta 0), pack-reused 0
Receiving objects: 100% (3/3), done.

jarvis@JARVIS MINGW64 /d/IACSD/SDM
$ git pull
fatal: not a git repository (or any of the parent directories): .git

jarvis@JARVIS MINGW64 /d/IACSD/SDM
$ ls
 api/   online-shopping-app/  'sdm by sir'/   tflstore/

jarvis@JARVIS MINGW64 /d/IACSD/SDM
$ cd online-shopping-app/

jarvis@JARVIS MINGW64 /d/IACSD/SDM/online-shopping-app (main)
$ ls
main.py

jarvis@JARVIS MINGW64 /d/IACSD/SDM/online-shopping-app (main)
$ git pull
remote: Enumerating objects: 4, done.
remote: Counting objects: 100% (4/4), done.
remote: Compressing objects: 100% (2/2), done.
remote: Total 3 (delta 0), reused 0 (delta 0), pack-reused 0
Unpacking objects: 100% (3/3), 926 bytes | 4.00 KiB/s, done.
From https://github.com/farazpatwegar/online-shopping-app
   14bfe61..e74e209  main       -> origin/main
Updating 14bfe61..e74e209
Fast-forward
 test | 1 +
 1 file changed, 1 insertion(+)
 create mode 100644 test

jarvis@JARVIS MINGW64 /d/IACSD/SDM/online-shopping-app (main)
$ ls
main.py  test

jarvis@JARVIS MINGW64 /d/IACSD/SDM/online-shopping-app (main)
$ ls
main.py  test

jarvis@JARVIS MINGW64 /d/IACSD/SDM/online-shopping-app (main)
$ cd ..

jarvis@JARVIS MINGW64 /d/IACSD/SDM
$ ls
 api/  'git commands.txt'   online-shopping-app/  'sdm by sir'/   test/   tflstore/

jarvis@JARVIS MINGW64 /d/IACSD/SDM
$ cd test

jarvis@JARVIS MINGW64 /d/IACSD/SDM/test
$ ls

jarvis@JARVIS MINGW64 /d/IACSD/SDM/test
$ git init
Initialized empty Git repository in D:/IACSD/SDM/test/.git/

jarvis@JARVIS MINGW64 /d/IACSD/SDM/test (master)
$ ls

jarvis@JARVIS MINGW64 /d/IACSD/SDM/test (master)
$ ls -a
./  ../  .git/

jarvis@JARVIS MINGW64 /d/IACSD/SDM/test (master)
$ touch abc.txt

jarvis@JARVIS MINGW64 /d/IACSD/SDM/test (master)
$ ls
abc.txt

jarvis@JARVIS MINGW64 /d/IACSD/SDM/test (master)
$ git status
On branch master

No commits yet

Untracked files:
  (use "git add <file>..." to include in what will be committed)
        abc.txt

nothing added to commit but untracked files present (use "git add" to track)

jarvis@JARVIS MINGW64 /d/IACSD/SDM/test (master)
$ git remote add origin https://github.com/farazpatwegar/test-.git

jarvis@JARVIS MINGW64 /d/IACSD/SDM/test (master)
$ git push origin master
error: src refspec master does not match any
error: failed to push some refs to 'https://github.com/farazpatwegar/test-.git'

jarvis@JARVIS MINGW64 /d/IACSD/SDM/test (master)
$ git push
fatal: The current branch master has no upstream branch.
To push the current branch and set the remote as upstream, use

    git push --set-upstream origin master

To have this happen automatically for branches without a tracking
upstream, see 'push.autoSetupRemote' in 'git help config'.


jarvis@JARVIS MINGW64 /d/IACSD/SDM/test (master)
$ git add .

jarvis@JARVIS MINGW64 /d/IACSD/SDM/test (master)
$ ls
abc.txt

jarvis@JARVIS MINGW64 /d/IACSD/SDM/test (master)
$ git status
On branch master

No commits yet

Changes to be committed:
  (use "git rm --cached <file>..." to unstage)
        new file:   abc.txt


jarvis@JARVIS MINGW64 /d/IACSD/SDM/test (master)
$ git commit -m "new"
[master (root-commit) 4bbe701] new
 1 file changed, 0 insertions(+), 0 deletions(-)
 create mode 100644 abc.txt

jarvis@JARVIS MINGW64 /d/IACSD/SDM/test (master)
$ git push
fatal: The current branch master has no upstream branch.
To push the current branch and set the remote as upstream, use

    git push --set-upstream origin master

To have this happen automatically for branches without a tracking
upstream, see 'push.autoSetupRemote' in 'git help config'.


jarvis@JARVIS MINGW64 /d/IACSD/SDM/test (master)
$ git push origin master
Enumerating objects: 3, done.
Counting objects: 100% (3/3), done.
Writing objects: 100% (3/3), 204 bytes | 204.00 KiB/s, done.
Total 3 (delta 0), reused 0 (delta 0), pack-reused 0 (from 0)
To https://github.com/farazpatwegar/test-.git
 * [new branch]      master -> master

jarvis@JARVIS MINGW64 /d/IACSD/SDM/test (master)
$ git status
On branch master
nothing to commit, working tree clean

jarvis@JARVIS MINGW64 /d/IACSD/SDM/test (master)
$
